line 1 to stdout
line 2 to stdout
line 3 to stdout
line 4 to stdout
line 5 to stdout
line 6 to stdout
line 7 to stdout
line 8 to stdout
line 9 to stdout
line 10 to stdout
line 11 to stdout
line 12 to stdout
line 13 to stdout
line 14 to stdout
line 15 to stdout
line 16 to stdout
line 17 to stdout
line 18 to stdout
line 19 to stdout
line 20 to stdout
line 21 to stdout
line 22 to stdout
line 23 to stdout
line 24 to stdout
line 25 to stdout
line 26 to stdout
line 27 to stdout
line 28 to stdout
line 29 to stdout
line 30 to stdout
line 31 to stdout
line 32 to stdout
line 33 to stdout
line 34 to stdout
line 35 to stdout
line 36 to stdout
line 37 to stdout
line 38 to stdout
line 39 to stdout
line 40 to stdout
line 41 to stdout
line 42 to stdout
line 43 to stdout
line 44 to stdout
line 45 to stdout
line 46 to stdout
line 47 to stdout
line 48 to stdout
line 49 to stdout
line 50 to stdout
line 51 to stdout
line 52 to stdout
line 53 to stdout
line 54 to stdout
line 55 to stdout
line 56 to stdout
line 57 to stdout
line 58 to stdout
line 59 to stdout
line 60 to stdout
line 61 to stdout
line 62 to stdout
line 63 to stdout
line 64 to stdout
line 65 to stdout
line 66 to stdout
line 67 to stdout
line 68 to stdout
line 69 to stdout
line 70 to stdout
line 71 to stdout
line 72 to stdout
line 73 to stdout
line 74 to stdout
line 75 to stdout
line 76 to stdout
line 77 to stdout
line 78 to stdout
line 79 to stdout
line 80 to stdout
line 81 to stdout
line 82 to stdout
line 83 to stdout
line 84 to stdout
line 85 to stdout
line 86 to stdout
line 87 to stdout
line 88 to stdout
line 89 to stdout
line 90 to stdout
line 91 to stdout
line 92 to stdout
line 93 to stdout
line 94 to stdout
line 95 to stdout
line 96 to stdout
line 97 to stdout
line 98 to stdout
line 99 to stdout
line 100 to stdout
