line 1 to stdout
line 2 to stdout
line 3 to stdout
line 4 to stdout
line 5 to stdout
line 6 to stdout
line 7 to stdout
line 8 to stdout
line 9 to stdout
line 10 to stdout
line 11 to stdout
line 12 to stdout
line 13 to stdout
line 14 to stdout
line 15 to stdout
