2: evens to stdout
8: evens to stdout
34: evens to stdout
144: evens to stdout
610: evens to stdout
2584: evens to stdout
10946: evens to stdout
46368: evens to stdout
196418: evens to stdout
832040: evens to stdout
3524578: evens to stdout
14930352: evens to stdout
63245986: evens to stdout
267914296: evens to stdout
1134903170: evens to stdout
4807526976: evens to stdout
20365011074: evens to stdout
86267571272: evens to stdout
365435296162: evens to stdout
1548008755920: evens to stdout
6557470319842: evens to stdout
27777890035288: evens to stdout
117669030460994: evens to stdout
498454011879264: evens to stdout
2111485077978050: evens to stdout
8944394323791464: evens to stdout
37889062373143906: evens to stdout
160500643816367088: evens to stdout
679891637638612258: evens to stdout
2880067194370816120: evens to stdout
12200160415121876738: evens to stdout
51680708854858323072: evens to stdout
218922995834555169026: evens to stdout
