1: Hello, stdout! 1: Goodbye, stdout!
2: Hello, stdout! 2: Goodbye, stdout!
3: Hello, stdout! 3: Goodbye, stdout!
4: Hello, stdout! 4: Goodbye, stdout!
5: Hello, stdout! 5: Goodbye, stdout!
6: Hello, stdout! 6: Goodbye, stdout!
7: Hello, stdout! 7: Goodbye, stdout!
8: Hello, stdout! 8: Goodbye, stdout!
9: Hello, stdout! 9: Goodbye, stdout!
10: Hello, stdout! 10: Goodbye, stdout!
